2024-12-10 11:23:52,274 - __main__ -INFO - test the custom logger
